IAM called party: 98898740 calling party: 0415254739 CIC=49
ignoring ISUP message type 6
ignoring ISUP message type 9
IAM called party: 730718 calling party: 0429460771 CIC=45
IAM called party: 23911059 calling party: 0498439483 CIC=36
ignoring ISUP message type 6
ignoring ISUP message type 9
ignoring ISUP message type 6
IAM called party: 38897186 calling party: 0474581344 CIC=33
RLC on CIC=25
ignoring ISUP message type 6
IAM called party: 10324330 calling party: 0449093123 CIC=32
RLC on CIC=62
ignoring ISUP message type 9
IAM called party: 1270721 calling party: 0456944703 CIC=62
ignoring ISUP message type 6
ignoring ISUP message type 9
RLC on CIC=46
RLC on CIC=55
ignoring ISUP message type 12
ignoring ISUP message type 6
IAM called party: 56129961 calling party: 0429730266 CIC=55
IAM called party: 21578968 calling party: 0490904884 CIC=46
ignoring ISUP message type 9
ignoring ISUP message type 12
ignoring ISUP message type 6
